../Drivers/CMSIS/Include/core_cm4.h:2064:26:ITM_SendChar	16	static,ignoring_inline_asm
../Core/Src/main.c:96:5:__io_putchar	16	static
../Core/Src/main.c:107:5:main	8	static
../Core/Src/main.c:203:6:SystemClock_Config	88	static
../Core/Src/main.c:251:13:MX_USART2_UART_Init	8	static
../Core/Src/main.c:284:13:MX_GPIO_Init	40	static
../Core/Src/main.c:332:6:StartProducerTask	24	static
../Core/Src/main.c:360:6:StartConsumerTask	24	static
../Core/Src/main.c:382:6:StartLedTask	24	static
../Core/Src/main.c:400:6:Callback01	16	static
../Core/Src/main.c:415:6:HAL_TIM_PeriodElapsedCallback	16	static
../Core/Src/main.c:433:6:Error_Handler	4	static,ignoring_inline_asm
