../Drivers/CMSIS/Include/core_cm4.h:2064:26:ITM_SendChar	16	static,ignoring_inline_asm
../Core/Src/main.c:90:5:__io_putchar	16	static
../Core/Src/main.c:101:5:main	8	static
../Core/Src/main.c:193:6:SystemClock_Config	88	static
../Core/Src/main.c:241:13:MX_USART2_UART_Init	8	static
../Core/Src/main.c:274:13:MX_GPIO_Init	40	static
../Core/Src/main.c:322:6:StartProducerTask	24	static
../Core/Src/main.c:350:6:StartConsumerTask	24	static
../Core/Src/main.c:372:6:StartLedTask	24	static
../Core/Src/main.c:397:6:HAL_TIM_PeriodElapsedCallback	16	static
../Core/Src/main.c:415:6:Error_Handler	4	static,ignoring_inline_asm
