../Drivers/CMSIS/Include/core_cm4.h:2064:26:ITM_SendChar	16	static,ignoring_inline_asm
../Core/Src/main.c:87:5:__io_putchar	16	static
../Core/Src/main.c:98:5:main	8	static
../Core/Src/main.c:186:6:SystemClock_Config	88	static
../Core/Src/main.c:234:13:MX_USART2_UART_Init	8	static
../Core/Src/main.c:267:13:MX_GPIO_Init	48	static
../Core/Src/main.c:306:6:reportStatus	8	static
../Core/Src/main.c:323:6:StartTask01	24	static
../Core/Src/main.c:348:6:StartTask02	24	static
../Core/Src/main.c:372:6:StartTask03	24	static
../Core/Src/main.c:398:6:HAL_TIM_PeriodElapsedCallback	16	static
../Core/Src/main.c:416:6:Error_Handler	4	static,ignoring_inline_asm
