../Core/Src/main.c:105:5:__io_putchar	16	static
../Core/Src/main.c:112:6:HAL_UART_RxCpltCallback	16	static
../Core/Src/main.c:128:5:main	8	static
../Core/Src/main.c:213:6:SystemClock_Config	80	static
../Core/Src/main.c:264:13:MX_USART2_UART_Init	8	static
../Core/Src/main.c:297:13:MX_GPIO_Init	48	static
../Core/Src/main.c:331:7:CommandHandler_Parse	24	static
../Core/Src/main.c:370:6:StartUartTask	88	static
../Core/Src/main.c:422:6:StartLedTask	24	static
../Core/Src/main.c:465:6:HAL_TIM_PeriodElapsedCallback	16	static
../Core/Src/main.c:483:6:Error_Handler	4	static
